[notched_plate] ref naive 11.0s, sysala 10.2s
  mon_iteration_k0.0     act=0.108 save(scalar) vs sysala=0.049 vs naive=0.274 wall=-0.01 it=102 | err u=9.1e-14 sig_rms=6.4e-13 alpha_rel_final=2.9e-14 R=1.1e-13
  mon_iteration_k0.5     act=0.108 save(scalar) vs sysala=0.560 vs naive=0.664 wall=+0.12 it=98 | err u=4.6e-04 sig_rms=3.3e-03 alpha_rel_final=2.1e-05 R=2.3e-04
  mon_iteration_k1.0     act=0.108 save(scalar) vs sysala=0.517 vs naive=0.631 wall=+0.14 it=102 | err u=9.1e-14 sig_rms=6.4e-13 alpha_rel_final=2.9e-14 R=1.1e-13
  mon_iteration_k2.0     act=0.108 save(scalar) vs sysala=0.436 vs naive=0.569 wall=+0.13 it=102 | err u=9.1e-14 sig_rms=6.4e-13 alpha_rel_final=2.9e-14 R=1.1e-13
  mon_iteration_k5.0     act=0.108 save(scalar) vs sysala=0.233 vs naive=0.414 wall=+0.12 it=102 | err u=9.1e-14 sig_rms=6.4e-13 alpha_rel_final=2.9e-14 R=1.1e-13
  mon_predictor_k0.0     act=0.108 save(scalar) vs sysala=0.016 vs naive=0.248 wall=-0.01 it=127 | err u=1.1e-10 sig_rms=1.1e-09 alpha_rel_final=8.0e-11 R=8.2e-11
  mon_predictor_k0.5     act=0.108 save(scalar) vs sysala=0.449 vs naive=0.579 wall=+0.03 it=123 | err u=4.6e-04 sig_rms=3.3e-03 alpha_rel_final=2.1e-05 R=2.3e-04
  mon_predictor_k1.0     act=0.108 save(scalar) vs sysala=0.411 vs naive=0.550 wall=+0.00 it=127 | err u=1.1e-10 sig_rms=1.1e-09 alpha_rel_final=8.0e-11 R=8.2e-11
  mon_predictor_k2.0     act=0.108 save(scalar) vs sysala=0.343 vs naive=0.498 wall=-0.02 it=127 | err u=1.1e-10 sig_rms=1.1e-09 alpha_rel_final=8.0e-11 R=8.2e-11
  mon_predictor_k5.0     act=0.108 save(scalar) vs sysala=0.193 vs naive=0.383 wall=-0.01 it=127 | err u=1.1e-10 sig_rms=1.1e-09 alpha_rel_final=8.0e-11 R=8.2e-11
  mon_predictor_only_k0.0 act=0.107 save(scalar) vs sysala=0.398 vs naive=0.540 wall=+0.11 it=99 | err u=2.0e-05 sig_rms=2.8e-04 alpha_rel_final=2.2e-05 R=2.2e-05
  mon_predictor_only_k0.5 act=0.107 save(scalar) vs sysala=0.581 vs naive=0.680 wall=+0.14 it=95 | err u=4.6e-04 sig_rms=3.3e-03 alpha_rel_final=2.2e-05 R=2.3e-04
  mon_predictor_only_k1.0 act=0.107 save(scalar) vs sysala=0.552 vs naive=0.658 wall=+0.14 it=99 | err u=2.0e-05 sig_rms=2.8e-04 alpha_rel_final=2.2e-05 R=2.2e-05
  mon_predictor_only_k2.0 act=0.107 save(scalar) vs sysala=0.505 vs naive=0.622 wall=+0.13 it=99 | err u=2.0e-05 sig_rms=2.8e-04 alpha_rel_final=2.2e-05 R=2.2e-05
  mon_predictor_only_k5.0 act=0.107 save(scalar) vs sysala=0.421 vs naive=0.558 wall=+0.12 it=99 | err u=2.0e-05 sig_rms=2.8e-04 alpha_rel_final=2.2e-05 R=2.2e-05
  mon_converged_k0.0     act=0.108 save(scalar) vs sysala=-0.011 vs naive=0.228 wall=-0.34 it=184 | err u=1.8e-10 sig_rms=1.1e-09 alpha_rel_final=1.2e-10 R=1.6e-10
  mon_converged_k0.5     act=0.108 save(scalar) vs sysala=0.322 vs naive=0.482 wall=-0.31 it=180 | err u=4.6e-04 sig_rms=3.3e-03 alpha_rel_final=2.1e-05 R=2.3e-04
  mon_converged_k1.0     act=0.108 save(scalar) vs sysala=0.285 vs naive=0.454 wall=-0.32 it=184 | err u=1.8e-10 sig_rms=1.1e-09 alpha_rel_final=1.2e-10 R=1.6e-10
  mon_converged_k2.0     act=0.108 save(scalar) vs sysala=0.221 vs naive=0.405 wall=-0.40 it=184 | err u=1.8e-10 sig_rms=1.1e-09 alpha_rel_final=1.2e-10 R=1.6e-10
  mon_converged_k5.0     act=0.108 save(scalar) vs sysala=0.079 vs naive=0.296 wall=-0.35 it=184 | err u=1.8e-10 sig_rms=1.1e-09 alpha_rel_final=1.2e-10 R=1.6e-10
  mon_step_k0.0          act=0.102 save(scalar) vs sysala=0.386 vs naive=0.531 wall=+0.04 it=104 | err u=7.6e-04 sig_rms=3.7e-03 alpha_rel_final=2.4e-04 R=1.4e-03
  mon_step_k0.5          act=0.102 save(scalar) vs sysala=0.567 vs naive=0.669 wall=+0.13 it=99 | err u=7.7e-04 sig_rms=4.5e-03 alpha_rel_final=2.4e-04 R=1.4e-03
  mon_step_k1.0          act=0.102 save(scalar) vs sysala=0.537 vs naive=0.646 wall=+0.09 it=104 | err u=7.6e-04 sig_rms=3.7e-03 alpha_rel_final=2.4e-04 R=1.4e-03
  mon_step_k2.0          act=0.102 save(scalar) vs sysala=0.490 vs naive=0.610 wall=+0.07 it=104 | err u=7.6e-04 sig_rms=3.7e-03 alpha_rel_final=2.4e-04 R=1.4e-03
  mon_step_k5.0          act=0.102 save(scalar) vs sysala=0.408 vs naive=0.548 wall=+0.08 it=104 | err u=7.6e-04 sig_rms=3.7e-03 alpha_rel_final=2.4e-04 R=1.4e-03
[cantilever] ref naive 4.6s, sysala 3.9s
  mon_iteration_k0.0     act=0.160 save(scalar) vs sysala=0.067 vs naive=0.267 wall=-0.08 it=97 | err u=4.9e-13 sig_rms=3.2e-12 alpha_rel_final=2.2e-13 R=1.2e-11
  mon_iteration_k0.5     act=0.160 save(scalar) vs sysala=0.515 vs naive=0.619 wall=+0.13 it=95 | err u=2.3e-05 sig_rms=4.1e-04 alpha_rel_final=1.9e-06 R=3.6e-05
  mon_iteration_k1.0     act=0.160 save(scalar) vs sysala=0.486 vs naive=0.596 wall=+0.14 it=97 | err u=4.9e-13 sig_rms=3.2e-12 alpha_rel_final=2.2e-13 R=1.2e-11
  mon_iteration_k2.0     act=0.160 save(scalar) vs sysala=0.427 vs naive=0.549 wall=+0.12 it=97 | err u=4.9e-13 sig_rms=3.2e-12 alpha_rel_final=2.2e-13 R=1.2e-11
  mon_iteration_k5.0     act=0.160 save(scalar) vs sysala=0.250 vs naive=0.411 wall=+0.10 it=97 | err u=4.9e-13 sig_rms=3.2e-12 alpha_rel_final=2.2e-13 R=1.2e-11
  mon_predictor_k0.0     act=0.160 save(scalar) vs sysala=0.184 vs naive=0.359 wall=+0.04 it=107 | err u=1.3e-11 sig_rms=2.4e-10 alpha_rel_final=1.5e-11 R=5.9e-11
  mon_predictor_k0.5     act=0.160 save(scalar) vs sysala=0.501 vs naive=0.608 wall=+0.12 it=105 | err u=2.3e-05 sig_rms=4.1e-04 alpha_rel_final=1.9e-06 R=3.6e-05
  mon_predictor_k1.0     act=0.160 save(scalar) vs sysala=0.476 vs naive=0.588 wall=+0.10 it=107 | err u=1.3e-11 sig_rms=2.4e-10 alpha_rel_final=1.5e-11 R=5.9e-11
  mon_predictor_k2.0     act=0.160 save(scalar) vs sysala=0.426 vs naive=0.549 wall=+0.07 it=107 | err u=1.3e-11 sig_rms=2.4e-10 alpha_rel_final=1.5e-11 R=5.9e-11
  mon_predictor_k5.0     act=0.160 save(scalar) vs sysala=0.297 vs naive=0.447 wall=-0.02 it=107 | err u=1.3e-11 sig_rms=2.4e-10 alpha_rel_final=1.5e-11 R=5.9e-11
  mon_predictor_only_k0.0 act=0.160 save(scalar) vs sysala=0.376 vs naive=0.510 wall=+0.10 it=98 | err u=6.5e-06 sig_rms=1.7e-04 alpha_rel_final=2.9e-06 R=2.1e-05
  mon_predictor_only_k0.5 act=0.160 save(scalar) vs sysala=0.518 vs naive=0.621 wall=+0.12 it=96 | err u=2.3e-05 sig_rms=4.1e-04 alpha_rel_final=2.9e-06 R=3.6e-05
  mon_predictor_only_k1.0 act=0.160 save(scalar) vs sysala=0.496 vs naive=0.604 wall=+0.09 it=98 | err u=6.5e-06 sig_rms=1.7e-04 alpha_rel_final=2.9e-06 R=2.1e-05
  mon_predictor_only_k2.0 act=0.160 save(scalar) vs sysala=0.454 vs naive=0.571 wall=+0.10 it=98 | err u=6.5e-06 sig_rms=1.7e-04 alpha_rel_final=2.9e-06 R=2.1e-05
  mon_predictor_only_k5.0 act=0.160 save(scalar) vs sysala=0.386 vs naive=0.517 wall=+0.14 it=98 | err u=6.5e-06 sig_rms=1.7e-04 alpha_rel_final=2.9e-06 R=2.1e-05
  mon_converged_k0.0     act=0.160 save(scalar) vs sysala=0.020 vs naive=0.230 wall=-0.30 it=176 | err u=7.9e-11 sig_rms=9.3e-10 alpha_rel_final=7.2e-11 R=1.8e-10
  mon_converged_k0.5     act=0.160 save(scalar) vs sysala=0.284 vs naive=0.437 wall=-0.27 it=174 | err u=2.3e-05 sig_rms=4.1e-04 alpha_rel_final=1.9e-06 R=3.6e-05
  mon_converged_k1.0     act=0.160 save(scalar) vs sysala=0.259 vs naive=0.418 wall=-0.24 it=176 | err u=7.9e-11 sig_rms=9.3e-10 alpha_rel_final=7.2e-11 R=1.8e-10
  mon_converged_k2.0     act=0.160 save(scalar) vs sysala=0.211 vs naive=0.380 wall=-0.27 it=176 | err u=7.9e-11 sig_rms=9.3e-10 alpha_rel_final=7.2e-11 R=1.8e-10
  mon_converged_k5.0     act=0.160 save(scalar) vs sysala=0.101 vs naive=0.293 wall=-0.27 it=176 | err u=7.9e-11 sig_rms=9.3e-10 alpha_rel_final=7.2e-11 R=1.8e-10
  mon_step_k0.0          act=0.155 save(scalar) vs sysala=0.380 vs naive=0.513 wall=+0.14 it=97 | err u=4.7e-04 sig_rms=4.3e-03 alpha_rel_final=1.7e-04 R=1.5e-03
  mon_step_k0.5          act=0.155 save(scalar) vs sysala=0.517 vs naive=0.620 wall=+0.17 it=97 | err u=4.7e-04 sig_rms=4.3e-03 alpha_rel_final=1.6e-04 R=1.5e-03
  mon_step_k1.0          act=0.155 save(scalar) vs sysala=0.499 vs naive=0.606 wall=+0.09 it=97 | err u=4.7e-04 sig_rms=4.3e-03 alpha_rel_final=1.7e-04 R=1.5e-03
  mon_step_k2.0          act=0.155 save(scalar) vs sysala=0.456 vs naive=0.573 wall=+0.13 it=97 | err u=4.7e-04 sig_rms=4.3e-03 alpha_rel_final=1.7e-04 R=1.5e-03
  mon_step_k5.0          act=0.155 save(scalar) vs sysala=0.391 vs naive=0.521 wall=+0.14 it=97 | err u=4.7e-04 sig_rms=4.3e-03 alpha_rel_final=1.7e-04 R=1.5e-03
[cyclic_notched_kin] ref naive 23.5s, sysala 21.2s
  mon_iteration_k0.0     act=0.055 save(scalar) vs sysala=0.069 vs naive=0.321 wall=+0.02 it=205 | err u=8.9e-13 sig_rms=9.2e-14 alpha_rel_final=1.4e-13 R=1.3e-13
  mon_iteration_k0.5     act=0.055 save(scalar) vs sysala=0.648 vs naive=0.743 wall=+0.17 it=204 | err u=2.0e-04 sig_rms=1.4e-03 alpha_rel_final=4.6e-06 R=9.3e-05
  mon_iteration_k1.0     act=0.055 save(scalar) vs sysala=0.569 vs naive=0.686 wall=+0.16 it=205 | err u=8.9e-13 sig_rms=9.2e-14 alpha_rel_final=1.4e-13 R=1.3e-13
  mon_iteration_k2.0     act=0.055 save(scalar) vs sysala=0.417 vs naive=0.575 wall=+0.15 it=205 | err u=8.9e-13 sig_rms=9.2e-14 alpha_rel_final=1.4e-13 R=1.3e-13
  mon_iteration_k5.0     act=0.055 save(scalar) vs sysala=0.146 vs naive=0.377 wall=+0.15 it=205 | err u=8.9e-13 sig_rms=9.2e-14 alpha_rel_final=1.4e-13 R=1.3e-13
  mon_predictor_k0.0     act=0.055 save(scalar) vs sysala=0.071 vs naive=0.322 wall=+0.02 it=252 | err u=1.5e-09 sig_rms=9.1e-10 alpha_rel_final=2.0e-09 R=1.2e-10
  mon_predictor_k0.5     act=0.055 save(scalar) vs sysala=0.561 vs naive=0.679 wall=+0.06 it=252 | err u=2.0e-04 sig_rms=1.4e-03 alpha_rel_final=4.6e-06 R=9.3e-05
  mon_predictor_k1.0     act=0.055 save(scalar) vs sysala=0.487 vs naive=0.626 wall=+0.03 it=252 | err u=1.5e-09 sig_rms=9.1e-10 alpha_rel_final=2.0e-09 R=1.2e-10
  mon_predictor_k2.0     act=0.055 save(scalar) vs sysala=0.353 vs naive=0.528 wall=+0.02 it=252 | err u=1.5e-09 sig_rms=9.1e-10 alpha_rel_final=2.0e-09 R=1.2e-10
  mon_predictor_k5.0     act=0.055 save(scalar) vs sysala=0.128 vs naive=0.364 wall=-0.01 it=252 | err u=1.5e-09 sig_rms=9.1e-10 alpha_rel_final=2.0e-09 R=1.2e-10
  mon_predictor_only_k0.0 act=0.054 save(scalar) vs sysala=0.472 vs naive=0.615 wall=+0.12 it=204 | err u=7.6e-05 sig_rms=5.1e-04 alpha_rel_final=3.2e-04 R=5.3e-05
  mon_predictor_only_k0.5 act=0.054 save(scalar) vs sysala=0.671 vs naive=0.760 wall=+0.11 it=202 | err u=2.0e-04 sig_rms=1.4e-03 alpha_rel_final=3.2e-04 R=9.3e-05
  mon_predictor_only_k1.0 act=0.054 save(scalar) vs sysala=0.616 vs naive=0.720 wall=+0.11 it=204 | err u=7.6e-05 sig_rms=5.1e-04 alpha_rel_final=3.2e-04 R=5.3e-05
  mon_predictor_only_k2.0 act=0.054 save(scalar) vs sysala=0.530 vs naive=0.657 wall=+0.12 it=204 | err u=7.6e-05 sig_rms=5.1e-04 alpha_rel_final=3.2e-04 R=5.3e-05
  mon_predictor_only_k5.0 act=0.054 save(scalar) vs sysala=0.473 vs naive=0.615 wall=+0.15 it=204 | err u=7.6e-05 sig_rms=5.1e-04 alpha_rel_final=3.2e-04 R=5.3e-05
  mon_converged_k0.0     act=0.055 save(scalar) vs sysala=0.113 vs naive=0.353 wall=-0.31 it=374 | err u=6.8e-10 sig_rms=8.2e-10 alpha_rel_final=2.3e-09 R=1.2e-10
  mon_converged_k0.5     act=0.055 save(scalar) vs sysala=0.474 vs naive=0.616 wall=-0.31 it=373 | err u=2.0e-04 sig_rms=1.4e-03 alpha_rel_final=4.6e-06 R=9.3e-05
  mon_converged_k1.0     act=0.055 save(scalar) vs sysala=0.405 vs naive=0.566 wall=-0.32 it=374 | err u=6.8e-10 sig_rms=8.2e-10 alpha_rel_final=2.3e-09 R=1.2e-10
  mon_converged_k2.0     act=0.055 save(scalar) vs sysala=0.285 vs naive=0.479 wall=-0.32 it=374 | err u=6.8e-10 sig_rms=8.2e-10 alpha_rel_final=2.3e-09 R=1.2e-10
  mon_converged_k5.0     act=0.055 save(scalar) vs sysala=0.139 vs naive=0.372 wall=-0.28 it=374 | err u=6.8e-10 sig_rms=8.2e-10 alpha_rel_final=2.3e-09 R=1.2e-10
  mon_step_k0.0          act=0.049 save(scalar) vs sysala=0.498 vs naive=0.634 wall=+0.10 it=217 | err u=1.3e-02 sig_rms=9.9e-03 alpha_rel_final=7.4e-03 R=4.1e-03
  mon_step_k0.5          act=0.049 save(scalar) vs sysala=0.694 vs naive=0.776 wall=+0.13 it=216 | err u=1.3e-02 sig_rms=9.9e-03 alpha_rel_final=7.4e-03 R=4.1e-03
  mon_step_k1.0          act=0.049 save(scalar) vs sysala=0.638 vs naive=0.736 wall=+0.13 it=217 | err u=1.3e-02 sig_rms=9.9e-03 alpha_rel_final=7.4e-03 R=4.1e-03
  mon_step_k2.0          act=0.049 save(scalar) vs sysala=0.552 vs naive=0.673 wall=+0.13 it=217 | err u=1.3e-02 sig_rms=9.9e-03 alpha_rel_final=7.4e-03 R=4.1e-03
  mon_step_k5.0          act=0.049 save(scalar) vs sysala=0.498 vs naive=0.634 wall=+0.13 it=217 | err u=1.3e-02 sig_rms=9.9e-03 alpha_rel_final=7.4e-03 R=4.1e-03
[cyclic_cantilever_kin] ref naive 9.2s, sysala 7.7s
  mon_iteration_k0.0     act=0.137 save(scalar) vs sysala=0.056 vs naive=0.263 wall=-0.07 it=212 | err u=4.2e-12 sig_rms=3.3e-12 alpha_rel_final=4.0e-12 R=1.1e-11
  mon_iteration_k0.5     act=0.137 save(scalar) vs sysala=0.511 vs naive=0.618 wall=+0.02 it=212 | err u=3.6e-06 sig_rms=2.2e-04 alpha_rel_final=2.0e-06 R=5.5e-06
  mon_iteration_k1.0     act=0.137 save(scalar) vs sysala=0.456 vs naive=0.576 wall=+0.01 it=212 | err u=4.2e-12 sig_rms=3.3e-12 alpha_rel_final=4.0e-12 R=1.1e-11
  mon_iteration_k2.0     act=0.137 save(scalar) vs sysala=0.346 vs naive=0.490 wall=+0.01 it=212 | err u=4.2e-12 sig_rms=3.3e-12 alpha_rel_final=4.0e-12 R=1.1e-11
  mon_iteration_k5.0     act=0.137 save(scalar) vs sysala=0.090 vs naive=0.290 wall=-0.02 it=212 | err u=4.2e-12 sig_rms=3.3e-12 alpha_rel_final=4.0e-12 R=1.1e-11
  mon_predictor_k0.0     act=0.137 save(scalar) vs sysala=0.190 vs naive=0.368 wall=-0.05 it=231 | err u=4.7e-10 sig_rms=6.9e-10 alpha_rel_final=4.9e-10 R=3.6e-11
  mon_predictor_k0.5     act=0.137 save(scalar) vs sysala=0.500 vs naive=0.610 wall=-0.03 it=231 | err u=3.6e-06 sig_rms=2.2e-04 alpha_rel_final=2.0e-06 R=5.5e-06
  mon_predictor_k1.0     act=0.137 save(scalar) vs sysala=0.449 vs naive=0.570 wall=-0.03 it=231 | err u=4.7e-10 sig_rms=6.9e-10 alpha_rel_final=4.9e-10 R=3.6e-11
  mon_predictor_k2.0     act=0.137 save(scalar) vs sysala=0.356 vs naive=0.497 wall=+0.01 it=231 | err u=4.7e-10 sig_rms=6.9e-10 alpha_rel_final=4.9e-10 R=3.6e-11
  mon_predictor_k5.0     act=0.137 save(scalar) vs sysala=0.207 vs naive=0.381 wall=-0.06 it=231 | err u=4.7e-10 sig_rms=6.9e-10 alpha_rel_final=4.9e-10 R=3.6e-11
  mon_predictor_only_k0.0 act=0.137 save(scalar) vs sysala=0.391 vs naive=0.525 wall=-0.01 it=212 | err u=7.9e-06 sig_rms=3.6e-04 alpha_rel_final=5.8e-06 R=3.4e-05
  mon_predictor_only_k0.5 act=0.137 save(scalar) vs sysala=0.519 vs naive=0.625 wall=+0.06 it=212 | err u=7.9e-06 sig_rms=3.6e-04 alpha_rel_final=5.5e-06 R=3.4e-05
  mon_predictor_only_k1.0 act=0.137 save(scalar) vs sysala=0.477 vs naive=0.592 wall=+0.06 it=212 | err u=7.9e-06 sig_rms=3.6e-04 alpha_rel_final=5.8e-06 R=3.4e-05
  mon_predictor_only_k2.0 act=0.137 save(scalar) vs sysala=0.409 vs naive=0.539 wall=+0.02 it=212 | err u=7.9e-06 sig_rms=3.6e-04 alpha_rel_final=5.8e-06 R=3.4e-05
  mon_predictor_only_k5.0 act=0.137 save(scalar) vs sysala=0.391 vs naive=0.525 wall=+0.06 it=212 | err u=7.9e-06 sig_rms=3.6e-04 alpha_rel_final=5.8e-06 R=3.4e-05
  mon_converged_k0.0     act=0.137 save(scalar) vs sysala=-0.005 vs naive=0.216 wall=-0.51 it=399 | err u=1.1e-09 sig_rms=1.1e-09 alpha_rel_final=4.9e-10 R=1.6e-10
  mon_converged_k0.5     act=0.137 save(scalar) vs sysala=0.255 vs naive=0.419 wall=-0.45 it=399 | err u=3.6e-06 sig_rms=2.2e-04 alpha_rel_final=2.0e-06 R=5.5e-06
  mon_converged_k1.0     act=0.137 save(scalar) vs sysala=0.208 vs naive=0.382 wall=-0.44 it=399 | err u=1.1e-09 sig_rms=1.1e-09 alpha_rel_final=4.9e-10 R=1.6e-10
  mon_converged_k2.0     act=0.137 save(scalar) vs sysala=0.123 vs naive=0.315 wall=-0.45 it=399 | err u=1.1e-09 sig_rms=1.1e-09 alpha_rel_final=4.9e-10 R=1.6e-10
  mon_converged_k5.0     act=0.137 save(scalar) vs sysala=0.010 vs naive=0.227 wall=-0.47 it=399 | err u=1.1e-09 sig_rms=1.1e-09 alpha_rel_final=4.9e-10 R=1.6e-10
  mon_step_k0.0          act=0.130 save(scalar) vs sysala=0.377 vs naive=0.514 wall=+0.04 it=223 | err u=6.6e-03 sig_rms=1.4e-02 alpha_rel_final=7.5e-04 R=7.0e-03
  mon_step_k0.5          act=0.130 save(scalar) vs sysala=0.501 vs naive=0.611 wall=+0.04 it=224 | err u=6.5e-03 sig_rms=1.4e-02 alpha_rel_final=7.5e-04 R=7.0e-03
  mon_step_k1.0          act=0.130 save(scalar) vs sysala=0.458 vs naive=0.578 wall=+0.04 it=223 | err u=6.6e-03 sig_rms=1.4e-02 alpha_rel_final=7.5e-04 R=7.0e-03
  mon_step_k2.0          act=0.130 save(scalar) vs sysala=0.395 vs naive=0.528 wall=+0.03 it=223 | err u=6.6e-03 sig_rms=1.4e-02 alpha_rel_final=7.5e-04 R=7.0e-03
  mon_step_k5.0          act=0.130 save(scalar) vs sysala=0.377 vs naive=0.514 wall=+0.04 it=223 | err u=6.6e-03 sig_rms=1.4e-02 alpha_rel_final=7.5e-04 R=7.0e-03
[notched_plate] ref naive 12.1s, sysala 10.2s
  pl_always              act=0.108 save(scalar) vs sysala=0.450 vs naive=0.576 wall=+0.07 it=102 | err u=9.1e-14 sig_rms=6.4e-13 alpha_rel_final=2.9e-14 R=1.1e-13
  pl_drift_3e-05         act=0.103 save(scalar) vs sysala=0.394 vs naive=0.533 wall=+0.02 it=112 | err u=4.4e-05 sig_rms=6.5e-04 alpha_rel_final=5.9e-05 R=3.2e-05
  pl_drift_0.0001        act=0.075 save(scalar) vs sysala=0.455 vs naive=0.580 wall=-0.07 it=122 | err u=9.9e-04 sig_rms=5.8e-03 alpha_rel_final=1.9e-03 R=1.4e-03
  pl_drift_0.0003        act=0.055 save(scalar) vs sysala=0.418 vs naive=0.552 wall=-0.06 it=124 | err u=4.2e-03 sig_rms=2.0e-02 alpha_rel_final=1.1e-02 R=7.5e-03
  pl_drift_0.001         act=0.045 save(scalar) vs sysala=0.426 vs naive=0.558 wall=-0.09 it=127 | err u=1.8e-02 sig_rms=7.9e-02 alpha_rel_final=1.5e-01 R=3.9e-02
